****************************************
Report : constraint
	-all_violators
	-path slack_only
Design : caravel
Version: T-2022.03-SP3
Date   : Fri Oct 28 19:52:29 2022
****************************************








   max_capacitance

                             Required        Actual
   Pin                      Capacitance    Capacitance       Slack
   -----------------------------------------------------------------
   mprj/mprj/controller_inst/FE_OFC2125_la_data_out_49/X   0.1300   0.2126  -0.0826 (VIOLATED)
   mprj/mprj/controller_inst/op1_addr_reg_reg_2_/Q   0.1621   0.2249  -0.0628 (VIOLATED)
   mprj/mprj/controller_inst/op1_addr_reg_reg_3_/Q   0.1621   0.2198  -0.0577 (VIOLATED)
   mprj/mprj/controller_inst/op1_addr_reg_reg_8_/Q   0.1621   0.2161  -0.0540 (VIOLATED)
   mprj/mprj/controller_inst/op2_addr_reg_reg_2_/Q   0.1621   0.2147  -0.0526 (VIOLATED)
   mprj/mprj/controller_inst/op1_addr_reg_reg_4_/Q   0.1621   0.2135  -0.0515 (VIOLATED)
   mprj/mprj/controller_inst/op1_addr_reg_reg_6_/Q   0.1621   0.2051  -0.0431 (VIOLATED)
   soc/_32090_/Q              0.1621         0.1979        -0.0359  (VIOLATED)
   mprj/mprj/controller_inst/op2_addr_reg_reg_0_/Q   0.1621   0.1966  -0.0346 (VIOLATED)
   mprj/mprj/controller_inst/op1_addr_reg_reg_5_/Q   0.1621   0.1963  -0.0343 (VIOLATED)
   mprj/mprj/controller_inst/op1_addr_reg_reg_7_/Q   0.1621   0.1920  -0.0299 (VIOLATED)
   mprj/mprj/controller_inst/opcode_out_reg_reg_0_/Q   0.1621   0.1854  -0.0233 (VIOLATED)
   mprj/mprj/controller_inst/op1_addr_reg_reg_0_/Q   0.1621   0.1810  -0.0189 (VIOLATED)
   mprj/mprj/FE_OFC143_la_data_out_38/X   0.1300   0.1444  -0.0144  (VIOLATED)
   soc/hold575/X              0.1547         0.1667        -0.0120  (VIOLATED)
   mprj/mprj/controller_inst/op2_addr_reg_reg_6_/Q   0.1621   0.1665  -0.0045 (VIOLATED)
   mprj/mprj/controller_inst/opcode_out_reg_reg_1_/Q   0.1621   0.1663  -0.0042 (VIOLATED)
   soc/core.RAM128/Do0MUX.M[0].MUX[7]/X   0.1611   0.1630  -0.0019  (VIOLATED)


   max_transition

                             Required        Actual
   Pin                      Transition     Transition        Slack
   -----------------------------------------------------------------
   padframe/mgmt_vssd_lvclamp_pad/VSSD_PAD   1.0000   2.0000  -1.0000 (VIOLATED)
   padframe/user1_vssd_lvclamp_pad/VSSD_PAD   1.0000   2.0000  -1.0000 (VIOLATED)
   padframe/user2_vssd_lvclamp_pad/VSSD_PAD   1.0000   2.0000  -1.0000 (VIOLATED)
   mgmt_buffers/ANTENNA_user_to_mprj_in_gates[49]_A/DIODE   1.5000   2.4381  -0.9381 (VIOLATED)
   mgmt_buffers/user_to_mprj_in_gates[49]/A   1.5000   2.4381  -0.9381 (VIOLATED)
   mprj/mprj/controller_inst/DP_OP_122J1_124_2028/U119/B   1.5000   2.4381  -0.9381 (VIOLATED)
   mprj/mprj/controller_inst/DP_OP_122J1_124_2028/U132/A2   1.5000   2.4381  -0.9381 (VIOLATED)
   mprj/mprj/controller_inst/DP_OP_122J1_124_2028/U133/B1   1.5000   2.4381  -0.9381 (VIOLATED)
   mprj/mprj/controller_inst/FE_OFC2125_la_data_out_49/X   1.5065   2.4381  -0.9316 (VIOLATED)
   mprj/mprj/controller_inst/op1_addr_reg_reg_2_/Q   1.4980   2.0734  -0.5755 (VIOLATED)
   mgmt_buffers/ANTENNA_user_to_mprj_in_gates[41]_A/DIODE   1.5000   2.0734  -0.5734 (VIOLATED)
   mgmt_buffers/user_to_mprj_in_gates[41]/A   1.5000   2.0734  -0.5734 (VIOLATED)
   mprj/mprj/controller_inst/DP_OP_121J1_123_2028/U120/A   1.5000   2.0734  -0.5734 (VIOLATED)
   mprj/mprj/controller_inst/DP_OP_121J1_123_2028/U142/A   1.5000   2.0734  -0.5734 (VIOLATED)
   mprj/mprj/controller_inst/add_x_4/U15/A   1.5000   2.0734  -0.5734 (VIOLATED)
   mprj/mprj/sram_inst/FE_OFC124_la_data_out_41/A   1.5000   2.0734  -0.5734 (VIOLATED)
   mprj/mprj/sram_inst/FE_OFC126_la_data_out_41/A   1.5000   2.0734  -0.5734 (VIOLATED)
   mprj/mprj/controller_inst/op1_addr_reg_reg_3_/Q   1.4980   2.0266  -0.5287 (VIOLATED)
   mgmt_buffers/ANTENNA_user_to_mprj_in_gates[42]_A/DIODE   1.5000   2.0266  -0.5266 (VIOLATED)
   mgmt_buffers/user_to_mprj_in_gates[42]/A   1.5000   2.0266  -0.5266 (VIOLATED)
   mprj/mprj/controller_inst/DP_OP_121J1_123_2028/U128/A1   1.5000   2.0266  -0.5266 (VIOLATED)
   mprj/mprj/controller_inst/DP_OP_121J1_123_2028/U141/A   1.5000   2.0266  -0.5266 (VIOLATED)
   mprj/mprj/controller_inst/FE_OFC115_la_data_out_42/A   1.5000   2.0266  -0.5266 (VIOLATED)
   mprj/mprj/sram_inst/FE_OFC117_la_data_out_42/A   1.5000   2.0266  -0.5266 (VIOLATED)
   mprj/mprj/sram_inst/FE_OFC1983_FE_OFN1333_n/A   1.5000   2.0266  -0.5266 (VIOLATED)
   padframe/mgmt_vccd_lvclamp_pad/VCCD_PAD   1.5000   2.0000  -0.5000 (VIOLATED)
   padframe/mgmt_vdda_hvclamp_pad/VDDA_PAD   1.5000   2.0000  -0.5000 (VIOLATED)
   padframe/mgmt_vssa_hvclamp_pad/VSSA_PAD   1.5000   2.0000  -0.5000 (VIOLATED)
   padframe/user1_vccd_lvclamp_pad/VCCD_PAD   1.5000   2.0000  -0.5000 (VIOLATED)
   padframe/user1_vdda_hvclamp_pad[0]/VDDA_PAD   1.5000   2.0000  -0.5000 (VIOLATED)
   padframe/user1_vdda_hvclamp_pad[1]/VDDA_PAD   1.5000   2.0000  -0.5000 (VIOLATED)
   padframe/user1_vssa_hvclamp_pad[0]/VSSA_PAD   1.5000   2.0000  -0.5000 (VIOLATED)
   padframe/user1_vssa_hvclamp_pad[1]/VSSA_PAD   1.5000   2.0000  -0.5000 (VIOLATED)
   padframe/user2_vccd_lvclamp_pad/VCCD_PAD   1.5000   2.0000  -0.5000 (VIOLATED)
   padframe/user2_vdda_hvclamp_pad/VDDA_PAD   1.5000   2.0000  -0.5000 (VIOLATED)
   padframe/user2_vssa_hvclamp_pad/VSSA_PAD   1.5000   2.0000  -0.5000 (VIOLATED)
   mprj/mprj/controller_inst/op1_addr_reg_reg_8_/Q   1.4980   1.9926  -0.4947 (VIOLATED)
   mgmt_buffers/ANTENNA_user_to_mprj_in_gates[47]_A/DIODE   1.5000   1.9926  -0.4926 (VIOLATED)
   mgmt_buffers/user_to_mprj_in_gates[47]/A   1.5000   1.9926  -0.4926 (VIOLATED)
   mprj/mprj/controller_inst/DP_OP_121J1_123_2028/U103/A   1.5000   1.9926  -0.4926 (VIOLATED)
   mprj/mprj/controller_inst/DP_OP_121J1_123_2028/U137/B   1.5000   1.9926  -0.4926 (VIOLATED)
   mprj/mprj/controller_inst/add_x_4/U13/B   1.5000   1.9926  -0.4926 (VIOLATED)
   mprj/mprj/sram_inst/U76/A_N   1.5000      1.9926        -0.4926  (VIOLATED)
   mprj/mprj/sram_inst/U77/A   1.5000        1.9926        -0.4926  (VIOLATED)
   mprj/mprj/sram_inst/op1_radr_r_reg_8_/D   1.5000   1.9926  -0.4926 (VIOLATED)
   mprj/mprj/controller_inst/op2_addr_reg_reg_2_/Q   1.4980   1.9798  -0.4818 (VIOLATED)
   mgmt_buffers/ANTENNA_user_to_mprj_in_gates[50]_A/DIODE   1.5000   1.9798  -0.4798 (VIOLATED)
   mgmt_buffers/user_to_mprj_in_gates[50]/A   1.5000   1.9798  -0.4798 (VIOLATED)
   mprj/mprj/controller_inst/DP_OP_122J1_124_2028/U121/A   1.5000   1.9798  -0.4798 (VIOLATED)
   mprj/mprj/controller_inst/DP_OP_122J1_124_2028/U131/A   1.5000   1.9798  -0.4798 (VIOLATED)
   mprj/mprj/controller_inst/add_x_5/U15/A   1.5000   1.9798  -0.4798 (VIOLATED)
   mprj/mprj/sram_inst/FE_OFC63_la_data_out_50/A   1.5000   1.9798  -0.4798 (VIOLATED)
   mprj/mprj/controller_inst/op1_addr_reg_reg_4_/Q   1.4980   1.9691  -0.4711 (VIOLATED)
   mgmt_buffers/ANTENNA_user_to_mprj_in_gates[43]_A/DIODE   1.5000   1.9691  -0.4691 (VIOLATED)
   mgmt_buffers/user_to_mprj_in_gates[43]/A   1.5000   1.9691  -0.4691 (VIOLATED)
   mprj/mprj/controller_inst/DP_OP_121J1_123_2028/U116/A   1.5000   1.9691  -0.4691 (VIOLATED)
   mprj/mprj/controller_inst/DP_OP_121J1_123_2028/U125/A1   1.5000   1.9691  -0.4691 (VIOLATED)
   mprj/mprj/controller_inst/DP_OP_121J1_123_2028/U126/A1   1.5000   1.9691  -0.4691 (VIOLATED)
   mprj/mprj/controller_inst/add_x_4/U17/A   1.5000   1.9691  -0.4691 (VIOLATED)
   mprj/mprj/sram_inst/FE_OFC110_la_data_out_43/A   1.5000   1.9691  -0.4691 (VIOLATED)
   mprj/mprj/controller_inst/op1_addr_reg_reg_6_/Q   1.4980   1.8920  -0.3940 (VIOLATED)
   mgmt_buffers/ANTENNA_user_to_mprj_in_gates[45]_A/DIODE   1.5000   1.8920  -0.3920 (VIOLATED)
   mgmt_buffers/user_to_mprj_in_gates[45]/A   1.5000   1.8920  -0.3920 (VIOLATED)
   mprj/mprj/controller_inst/DP_OP_121J1_123_2028/U110/A1   1.5000   1.8920  -0.3920 (VIOLATED)
   mprj/mprj/controller_inst/DP_OP_121J1_123_2028/U111/A1   1.5000   1.8920  -0.3920 (VIOLATED)
   mprj/mprj/controller_inst/DP_OP_121J1_123_2028/U130/B_N   1.5000   1.8920  -0.3920 (VIOLATED)
   mprj/mprj/controller_inst/add_x_4/U19/A   1.5000   1.8920  -0.3920 (VIOLATED)
   mprj/mprj/sram_inst/FE_OFC95_la_data_out_45/A   1.5000   1.8920  -0.3920 (VIOLATED)
   soc/_25762_/A3             1.5000         1.8918        -0.3918  (VIOLATED)
   soc/ANTENNA__25762__A3/DIODE   1.5000     1.8917        -0.3917  (VIOLATED)
   soc/_25763_/A3             1.5000         1.8917        -0.3917  (VIOLATED)
   soc/ANTENNA__25763__A3/DIODE   1.5000     1.8917        -0.3917  (VIOLATED)
   soc/ANTENNA__27196__B/DIODE   1.5000      1.8917        -0.3917  (VIOLATED)
   soc/_27196_/B              1.5000         1.8917        -0.3917  (VIOLATED)
   soc/_32090_/Q              1.4980         1.8855        -0.3876  (VIOLATED)
   soc/ANTENNA__27194__D_N/DIODE   1.5000    1.8858        -0.3858  (VIOLATED)
   soc/_27193_/A              1.5000         1.8858        -0.3858  (VIOLATED)
   soc/_27194_/D_N            1.5000         1.8858        -0.3858  (VIOLATED)
   soc/ANTENNA__27193__A/DIODE   1.5000      1.8858        -0.3858  (VIOLATED)
   mprj/mprj/controller_inst/op2_addr_reg_reg_0_/Q   1.4980   1.8140  -0.3160 (VIOLATED)
   mgmt_buffers/ANTENNA_user_to_mprj_in_gates[48]_A/DIODE   1.5000   1.8140  -0.3140 (VIOLATED)
   mgmt_buffers/user_to_mprj_in_gates[48]/A   1.5000   1.8140  -0.3140 (VIOLATED)
   mprj/mprj/controller_inst/DP_OP_122J1_124_2028/U122/B   1.5000   1.8140  -0.3140 (VIOLATED)
   mprj/mprj/controller_inst/DP_OP_122J1_124_2028/U132/B1   1.5000   1.8140  -0.3140 (VIOLATED)
   mprj/mprj/controller_inst/add_x_5/U12/A   1.5000   1.8140  -0.3140 (VIOLATED)
   mprj/mprj/controller_inst/add_x_5/U14/B   1.5000   1.8140  -0.3140 (VIOLATED)
   mprj/mprj/sram_inst/FE_OFC2127_FE_OFN77_la_data_out_48/A   1.5000   1.8140  -0.3140 (VIOLATED)
   mprj/mprj/controller_inst/op1_addr_reg_reg_5_/Q   1.4980   1.8112  -0.3133 (VIOLATED)
   mgmt_buffers/ANTENNA_user_to_mprj_in_gates[44]_A/DIODE   1.5000   1.8112  -0.3112 (VIOLATED)
   mgmt_buffers/user_to_mprj_in_gates[44]/A   1.5000   1.8112  -0.3112 (VIOLATED)
   mprj/mprj/controller_inst/DP_OP_121J1_123_2028/U113/A   1.5000   1.8112  -0.3112 (VIOLATED)
   mprj/mprj/controller_inst/DP_OP_121J1_123_2028/U117/B   1.5000   1.8112  -0.3112 (VIOLATED)
   mprj/mprj/controller_inst/add_x_4/U18/A   1.5000   1.8112  -0.3112 (VIOLATED)
   mprj/mprj/sram_inst/FE_OFC101_la_data_out_44/A   1.5000   1.8112  -0.3112 (VIOLATED)
   mprj/mprj/sram_inst/FE_OFC102_la_data_out_44/A   1.5000   1.8112  -0.3112 (VIOLATED)
   mprj/mprj/controller_inst/op1_addr_reg_reg_7_/Q   1.4980   1.7716  -0.2736 (VIOLATED)
   mgmt_buffers/ANTENNA_user_to_mprj_in_gates[46]_A/DIODE   1.5000   1.7716  -0.2716 (VIOLATED)
   mgmt_buffers/user_to_mprj_in_gates[46]/A   1.5000   1.7716  -0.2716 (VIOLATED)
   mprj/mprj/controller_inst/DP_OP_121J1_123_2028/U109/A   1.5000   1.7716  -0.2716 (VIOLATED)
   mprj/mprj/controller_inst/DP_OP_121J1_123_2028/U132/A   1.5000   1.7716  -0.2716 (VIOLATED)
   mprj/mprj/controller_inst/add_x_4/U20/A   1.5000   1.7716  -0.2716 (VIOLATED)
   mprj/mprj/sram_inst/FE_OFC88_la_data_out_46/A   1.5000   1.7716  -0.2716 (VIOLATED)
   mprj/mprj/controller_inst/opcode_out_reg_reg_0_/Q   1.4980   1.7108  -0.2128 (VIOLATED)
   mgmt_buffers/ANTENNA_user_to_mprj_in_gates[33]_A/DIODE   1.5000   1.7108  -0.2108 (VIOLATED)
   mgmt_buffers/user_to_mprj_in_gates[33]/A   1.5000   1.7108  -0.2108 (VIOLATED)
   mprj/mprj/controller_inst/FE_OFC153_la_data_out_33/A   1.5000   1.7108  -0.2108 (VIOLATED)
   mprj/mprj/controller_inst/op1_addr_reg_reg_0_/Q   1.4980   1.6703  -0.1723 (VIOLATED)
   mgmt_buffers/ANTENNA_user_to_mprj_in_gates[38]_A/DIODE   1.5000   1.6712  -0.1712 (VIOLATED)
   mgmt_buffers/user_to_mprj_in_gates[38]/A   1.5000   1.6712  -0.1712 (VIOLATED)
   mprj/mprj/FE_OFC144_la_data_out_38/A   1.5000   1.6712  -0.1712  (VIOLATED)
   mgmt_buffers/ANTENNA_user_to_mprj_in_gates[39]_A/DIODE   1.5000   1.6703  -0.1703 (VIOLATED)
   mgmt_buffers/user_to_mprj_in_gates[39]/A   1.5000   1.6703  -0.1703 (VIOLATED)
   mprj/mprj/controller_inst/DP_OP_121J1_123_2028/U121/B1   1.5000   1.6703  -0.1703 (VIOLATED)
   mprj/mprj/controller_inst/DP_OP_121J1_123_2028/U140/A   1.5000   1.6703  -0.1703 (VIOLATED)
   mprj/mprj/controller_inst/add_x_4/U12/A   1.5000   1.6703  -0.1703 (VIOLATED)
   mprj/mprj/controller_inst/add_x_4/U14/B   1.5000   1.6703  -0.1703 (VIOLATED)
   mprj/mprj/sram_inst/FE_OFC137_la_data_out_39/A   1.5000   1.6703  -0.1703 (VIOLATED)
   mprj/mprj/FE_OFC143_la_data_out_38/X   1.5065   1.6712  -0.1647  (VIOLATED)
   soc/hold575/X              1.4951         1.6570        -0.1619  (VIOLATED)
   soc/ANTENNA_1861/DIODE     1.5000         1.6594        -0.1594  (VIOLATED)
   soc/ANTENNA_1858/DIODE     1.5000         1.6593        -0.1593  (VIOLATED)
   soc/ANTENNA_1857/DIODE     1.5000         1.6593        -0.1593  (VIOLATED)
   soc/ANTENNA_1856/DIODE     1.5000         1.6593        -0.1593  (VIOLATED)
   soc/ANTENNA_1859/DIODE     1.5000         1.6593        -0.1593  (VIOLATED)
   soc/ANTENNA_1860/DIODE     1.5000         1.6593        -0.1593  (VIOLATED)
   soc/ANTENNA_1855/DIODE     1.5000         1.6593        -0.1593  (VIOLATED)
   soc/ANTENNA_1854/DIODE     1.5000         1.6593        -0.1593  (VIOLATED)
   soc/ANTENNA_1845/DIODE     1.5000         1.6593        -0.1593  (VIOLATED)
   soc/ANTENNA_1843/DIODE     1.5000         1.6593        -0.1593  (VIOLATED)
   soc/ANTENNA_1841/DIODE     1.5000         1.6593        -0.1593  (VIOLATED)
   soc/ANTENNA__24854__B/DIODE   1.5000      1.6593        -0.1593  (VIOLATED)
   soc/ANTENNA_1838/DIODE     1.5000         1.6593        -0.1593  (VIOLATED)
   soc/_24854_/B              1.5000         1.6593        -0.1593  (VIOLATED)
   soc/ANTENNA_1839/DIODE     1.5000         1.6593        -0.1593  (VIOLATED)
   soc/ANTENNA_1840/DIODE     1.5000         1.6593        -0.1593  (VIOLATED)
   soc/ANTENNA_1842/DIODE     1.5000         1.6593        -0.1593  (VIOLATED)
   soc/ANTENNA_1844/DIODE     1.5000         1.6593        -0.1593  (VIOLATED)
   soc/ANTENNA_1847/DIODE     1.5000         1.6576        -0.1576  (VIOLATED)
   soc/ANTENNA_1853/DIODE     1.5000         1.6575        -0.1575  (VIOLATED)
   soc/ANTENNA_1851/DIODE     1.5000         1.6575        -0.1575  (VIOLATED)
   soc/ANTENNA_1849/DIODE     1.5000         1.6574        -0.1574  (VIOLATED)
   soc/ANTENNA_1852/DIODE     1.5000         1.6571        -0.1571  (VIOLATED)
   soc/ANTENNA_1850/DIODE     1.5000         1.6571        -0.1571  (VIOLATED)
   soc/ANTENNA_1848/DIODE     1.5000         1.6571        -0.1571  (VIOLATED)
   soc/ANTENNA_1846/DIODE     1.5000         1.6571        -0.1571  (VIOLATED)
   mprj/mprj/controller_inst/op2_addr_reg_reg_6_/Q   1.4980   1.5377  -0.0398 (VIOLATED)
   mgmt_buffers/ANTENNA_user_to_mprj_in_gates[54]_A/DIODE   1.5000   1.5377  -0.0377 (VIOLATED)
   mgmt_buffers/user_to_mprj_in_gates[54]/A   1.5000   1.5377  -0.0377 (VIOLATED)
   mprj/mprj/controller_inst/DP_OP_122J1_124_2028/U106/A1   1.5000   1.5377  -0.0377 (VIOLATED)
   mprj/mprj/controller_inst/DP_OP_122J1_124_2028/U107/A1   1.5000   1.5377  -0.0377 (VIOLATED)
   mprj/mprj/controller_inst/DP_OP_122J1_124_2028/U139/B_N   1.5000   1.5377  -0.0377 (VIOLATED)
   mprj/mprj/controller_inst/FE_OFC26_la_data_out_54/A   1.5000   1.5377  -0.0377 (VIOLATED)
   mprj/mprj/controller_inst/opcode_out_reg_reg_1_/Q   1.4980   1.5355  -0.0376 (VIOLATED)
   mgmt_buffers/ANTENNA_user_to_mprj_in_gates[34]_A/DIODE   1.5000   1.5355  -0.0355 (VIOLATED)
   mgmt_buffers/user_to_mprj_in_gates[34]/A   1.5000   1.5355  -0.0355 (VIOLATED)
   mprj/mprj/controller_inst/FE_OFC152_la_data_out_34/A   1.5000   1.5355  -0.0355 (VIOLATED)
   soc/ANTENNA_855/DIODE      1.5000         1.5230        -0.0230  (VIOLATED)
   soc/ANTENNA_856/DIODE      1.5000         1.5230        -0.0230  (VIOLATED)
   soc/ANTENNA_857/DIODE      1.5000         1.5230        -0.0230  (VIOLATED)
   soc/ANTENNA_858/DIODE      1.5000         1.5230        -0.0230  (VIOLATED)
   soc/ANTENNA_859/DIODE      1.5000         1.5230        -0.0230  (VIOLATED)
   soc/ANTENNA_860/DIODE      1.5000         1.5230        -0.0230  (VIOLATED)
   soc/ANTENNA__17304__B1/DIODE   1.5000     1.5230        -0.0230  (VIOLATED)
   soc/_17304_/B1             1.5000         1.5230        -0.0230  (VIOLATED)
   soc/core.RAM128/Do0MUX.M[0].MUX[7]/X   1.5064   1.5230  -0.0166  (VIOLATED)


1
